sending incremental file list
deleting en/sitemap.xml
deleting en/index.html
deleting en/
deleting robots.txt
deleting redirects.tgz
deleting redirect.cgi
deleting manifest.json
deleting logo.png
deleting logo-512.png
deleting logo-192.png
deleting index.xml
deleting index.nginx-debian.html
deleting index.json
deleting index.html.orig
deleting en.search.min.f9e668d17104cfa8030af4de6d23eaf517f49a8a6f209731efcbce9adc44e5b6.js
deleting en.search.min.b3c69c064e6d1f6035a0403c7efd2bf5f083bfef36a4c3751f15ea4493fef10c.js
deleting en.search.min.59d5cf1a3ac524c434127c0cd24e4320660879dd642ed497de1b12b894bc9dc0.js
deleting en.search.min.36d9dc5c902c0f10432aa196c983c9f2ac834e1391a918dcd0906c0614b7ce4a.js
deleting en.search.js
deleting _index.md.orig
deleting FreshRSS
./
deleting albums/index.html
deleting categories/none/page/1/index.html
deleting categories/none/page/1/
deleting categories/none/page/
deleting categories/none/index.xml
deleting categories/none/index.json
deleting categories/none/index.html
deleting categories/none/
deleting categories/index.json
deleting css/variables.css
deleting css/custom.css
deleting css/compiled/main.css
deleting music/index.html

sent 42,843 bytes  received 93,124 bytes  54,386.80 bytes/sec
total size is 23,137,159  speedup is 170.17 (DRY RUN)
